EN preg1_suarez_vega NULL "C:/Users/Edgar Alan/Documents/Circuitos Logicos II/Parcial 3/Suarez Vega Examen/3 parc/pregunta1_Suarez Vega/Preg1_Suarez_Vega/preg1_suarez_vega.vhd" sub00/vhpl00 1639680559
AR preg1_suarez_vega behavioral "C:/Users/Edgar Alan/Documents/Circuitos Logicos II/Parcial 3/Suarez Vega Examen/3 parc/pregunta1_Suarez Vega/Preg1_Suarez_Vega/preg1_suarez_vega.vhd" sub00/vhpl01 1639680560
