V3 3
FL "C:/Users/Edgar Alan/Documents/Circuitos Logicos II/Parcial 3/Suarez Vega Examen/3 parc/pregunta1_Suarez Vega/Preg1_Suarez_Vega/preg1_suarez_vega.vhd" 2021/12/16.12:28:59 P.20131013
EN work/preg1_suarez_vega 1639680559 \
      FL "C:/Users/Edgar Alan/Documents/Circuitos Logicos II/Parcial 3/Suarez Vega Examen/3 parc/pregunta1_Suarez Vega/Preg1_Suarez_Vega/preg1_suarez_vega.vhd" \
      PB ieee/std_logic_1164 1381692176
AR work/preg1_suarez_vega/Behavioral 1639680560 \
      FL "C:/Users/Edgar Alan/Documents/Circuitos Logicos II/Parcial 3/Suarez Vega Examen/3 parc/pregunta1_Suarez Vega/Preg1_Suarez_Vega/preg1_suarez_vega.vhd" \
      EN work/preg1_suarez_vega 1639680559
