EN decodificador NULL "C:/Users/Edgar Alan/Documents/Circuitos Logicos II/Parcial 3/Clase 38/decodificador/Decodificador.vhd" sub00/vhpl00 1637170813
AR decodificador behavioral "C:/Users/Edgar Alan/Documents/Circuitos Logicos II/Parcial 3/Clase 38/decodificador/Decodificador.vhd" sub00/vhpl01 1637170814
