MPLINK 4.48, Linker
Linker Map File - Created Tue Dec 07 11:25:12 2021

                                 Section Info
                  Section       Type    Address   Location Size(Bytes)
                ---------  ---------  ---------  ---------  ---------
                   .org_0       code   0x000000    program   0x000046



                              Program Memory Usage 
                               Start         End      
                           ---------   ---------      
                            0x000000    0x000022      
            35 out of 1094 program addresses used, program memory utilization is 3%



                              Symbols - Sorted by Name
                     Name    Address   Location    Storage File                     
                ---------  ---------  ---------  --------- ---------                
               DIVIDIENDO   0x00000f    program     static C:\Users\Edgar Alan\Documents\Circuitos Logicos II\Parcial 3\Clase 45\BCD.ASM
                      FIN   0x000022    program     static C:\Users\Edgar Alan\Documents\Circuitos Logicos II\Parcial 3\Clase 45\BCD.ASM
                   INICIO   0x000006    program     static C:\Users\Edgar Alan\Documents\Circuitos Logicos II\Parcial 3\Clase 45\BCD.ASM
                  INICIO2   0x000008    program     static C:\Users\Edgar Alan\Documents\Circuitos Logicos II\Parcial 3\Clase 45\BCD.ASM
              MULTIPLICAR   0x000019    program     static C:\Users\Edgar Alan\Documents\Circuitos Logicos II\Parcial 3\Clase 45\BCD.ASM



                              Symbols - Sorted by Address
                     Name    Address   Location    Storage File                     
                ---------  ---------  ---------  --------- ---------                
                   INICIO   0x000006    program     static C:\Users\Edgar Alan\Documents\Circuitos Logicos II\Parcial 3\Clase 45\BCD.ASM
                  INICIO2   0x000008    program     static C:\Users\Edgar Alan\Documents\Circuitos Logicos II\Parcial 3\Clase 45\BCD.ASM
               DIVIDIENDO   0x00000f    program     static C:\Users\Edgar Alan\Documents\Circuitos Logicos II\Parcial 3\Clase 45\BCD.ASM
              MULTIPLICAR   0x000019    program     static C:\Users\Edgar Alan\Documents\Circuitos Logicos II\Parcial 3\Clase 45\BCD.ASM
                      FIN   0x000022    program     static C:\Users\Edgar Alan\Documents\Circuitos Logicos II\Parcial 3\Clase 45\BCD.ASM


