V3 3
FL "C:/Users/Edgar Alan/Documents/Circuitos Logicos II/Parcial 2/Clase 32/Comparador/Comparadorr.vhd" 2021/11/11.12:19:36 P.20131013
EN work/Comparadorr 1636654913 \
      FL "C:/Users/Edgar Alan/Documents/Circuitos Logicos II/Parcial 2/Clase 32/Comparador/Comparadorr.vhd" \
      PB ieee/std_logic_1164 1381692176
AR work/Comparadorr/Behavioral 1636654914 \
      FL "C:/Users/Edgar Alan/Documents/Circuitos Logicos II/Parcial 2/Clase 32/Comparador/Comparadorr.vhd" \
      EN work/Comparadorr 1636654913
