MPASM  5.50                     INDIRECTO.ASM   12-15-2021  10:53:38         PAGE  1


LOC  OBJECT CODE     LINE SOURCE TEXT
  VALUE

                      00001 #INCLUDE "P16F84A.INC"
                      00001         LIST
                      00002 
                      00003 ;==========================================================================
                      00004 ;  MPASM PIC16F84A processor include
                      00005 ; 
                      00006 ;  (c) Copyright 1999-2013 Microchip Technology, All rights reserved
                      00007 ;==========================================================================
                      00008 
                      00208         LIST
  0000000C            00002 TEMP EQU 0XC
                      00003 ;EL DIRECCIONAMIENTO INDIRECTO UTILIZA LA DIRECCION O LOCALIDAD
                      00004 ;DE UN REGISTRO DE PROPOSITO GENERAL O ESPECIAL (PORTA,PORTB, TIMER, ETC..)
                      00005 ;EL REGISTRO LLAMADO FSR (FILE SOURCE REGISTER) SE COLOCA EN LA LOCALIDAD DE MEMORIA
                      00006 ;PARA TENER ACCESO A ESTA PARA LEER O ESCRIBIR USANDO EL REGISTRO INDF (INDIRECT FILE)
                      00007 ;MANDANDO EL DATO DESDE W (MOVWF) ESCRIBIR LA LOCALIDAD O RECIBIENDO DESDE W (MOVF) LEER
Warning[203]: Found opcode in column 1. (MOVLW)
0000   300C           00008 MOVLW 0XC       ;W=0XC
Warning[203]: Found opcode in column 1. (MOVWF)
0001   0084           00009 MOVWF FSR       ;SE APUNTA A LA DIRECCION O LOCALIDAD 0XC
Warning[203]: Found opcode in column 1. (MOVLW)
0002   3007           00010 MOVLW 0X7       ;W=0X7
Warning[203]: Found opcode in column 1. (MOVWF)
0003   0080           00011 MOVWF INDF      ;MOVEMOS A INDF EL 7, LO CUAL  AFECTA A LA LOCALIDAD 0XC APUNTADA POR FSR
Warning[203]: Found opcode in column 1. (MOVLW)
0004   3002           00012 MOVLW 0X2       ;W=0X2
Warning[203]: Found opcode in column 1. (ADDWF)
0005   070C           00013 ADDWF TEMP,W;W=TEM+W
Warning[203]: Found opcode in column 1. (MOVF)
0006   0800           00014 MOVF INDF,W     ;W=TEMP+2
Warning[203]: Found opcode in column 1. (BSF)
0007   1683           00015 BSF STATUS,RP0;IR A PG1
Warning[203]: Found opcode in column 1. (BCF)
Message[302]: Register in operand not in bank 0.  Ensure that bank bits are correct.
0008   1205           00016 BCF TRISA,4     ;SALIDA DE PORTA,4 CE DEL 245
Warning[203]: Found opcode in column 1. (BCF)
0009   1283           00017 BCF STATUS, RP0 ;IR A PAG0
000A                  00018 INICIO
Warning[203]: Found opcode in column 1. (CALL)
000A   200C           00019 CALL BOTON0
Warning[203]: Found opcode in column 1. (GOTO)
000B   280A           00020 GOTO INICIO
000C                  00021 BOTON0
Warning[203]: Found opcode in column 1. (BTFSS)
000C   1C05           00022 BTFSS PORTA,0
Warning[203]: Found opcode in column 1. (GOTO)
000D   280C           00023 GOTO BOTON0
000E                  00024 BOTON0_H
Warning[203]: Found opcode in column 1. (BTFSC)
000E   1805           00025 BTFSC PORTA,0
Warning[203]: Found opcode in column 1. (GOTO)
000F   280E           00026 GOTO BOTON0_H
Warning[203]: Found opcode in column 1. (INCF)
MPASM  5.50                     INDIRECTO.ASM   12-15-2021  10:53:38         PAGE  2


LOC  OBJECT CODE     LINE SOURCE TEXT
  VALUE

0010   0A84           00027 INCF FSR,F
Warning[203]: Found opcode in column 1. (MOVF)
0011   0806           00028 MOVF PORTB,W
Warning[203]: Found opcode in column 1. (MOVWF)
0012   0080           00029 MOVWF INDF
Warning[203]: Found opcode in column 1. (RETURN)
0013   0008           00030 RETURN
0014                  00031 FIN
Warning[203]: Found opcode in column 1. (GOTO)
0014   2814           00032 GOTO FIN 
Warning[205]: Found directive in column 1. (END)
                      00033 END
MPASM  5.50                     INDIRECTO.ASM   12-15-2021  10:53:38         PAGE  3


SYMBOL TABLE
  LABEL                             VALUE 

BOTON0                            0000000C
BOTON0_H                          0000000E
C                                 00000000
DC                                00000001
EEADR                             00000009
EECON1                            00000088
EECON2                            00000089
EEDATA                            00000008
EEIE                              00000006
EEIF                              00000004
F                                 00000001
FIN                               00000014
FSR                               00000004
GIE                               00000007
INDF                              00000000
INICIO                            0000000A
INTCON                            0000000B
INTE                              00000004
INTEDG                            00000006
INTF                              00000001
IRP                               00000007
NOT_PD                            00000003
NOT_RBPU                          00000007
NOT_TO                            00000004
OPTION_REG                        00000081
PCL                               00000002
PCLATH                            0000000A
PORTA                             00000005
PORTB                             00000006
PS0                               00000000
PS1                               00000001
PS2                               00000002
PSA                               00000003
RA0                               00000000
RA1                               00000001
RA2                               00000002
RA3                               00000003
RA4                               00000004
RB0                               00000000
RB1                               00000001
RB2                               00000002
RB3                               00000003
RB4                               00000004
RB5                               00000005
RB6                               00000006
RB7                               00000007
RBIE                              00000003
RBIF                              00000000
RD                                00000000
RP0                               00000005
RP1                               00000006
STATUS                            00000003
T0CS                              00000005
MPASM  5.50                     INDIRECTO.ASM   12-15-2021  10:53:38         PAGE  4


SYMBOL TABLE
  LABEL                             VALUE 

T0IE                              00000005
T0IF                              00000002
T0SE                              00000004
TEMP                              0000000C
TMR0                              00000001
TMR0IE                            00000005
TMR0IF                            00000002
TRISA                             00000085
TRISA0                            00000000
TRISA1                            00000001
TRISA2                            00000002
TRISA3                            00000003
TRISA4                            00000004
TRISB                             00000086
TRISB0                            00000000
TRISB1                            00000001
TRISB2                            00000002
TRISB3                            00000003
TRISB4                            00000004
TRISB5                            00000005
TRISB6                            00000006
TRISB7                            00000007
W                                 00000000
WR                                00000001
WREN                              00000002
WRERR                             00000003
Z                                 00000002
_CONFIG                           00002007
_CP_OFF                           00003FFF
_CP_ON                            0000000F
_DEVID1                           00002006
_FOSC_EXTRC                       00003FFF
_FOSC_HS                          00003FFE
_FOSC_LP                          00003FFC
_FOSC_XT                          00003FFD
_HS_OSC                           00003FFE
_IDLOC0                           00002000
_IDLOC1                           00002001
_IDLOC2                           00002002
_IDLOC3                           00002003
_LP_OSC                           00003FFC
_PWRTE_OFF                        00003FFF
_PWRTE_ON                         00003FF7
_RC_OSC                           00003FFF
_WDTE_OFF                         00003FFB
_WDTE_ON                          00003FFF
_WDT_OFF                          00003FFB
_WDT_ON                           00003FFF
_XT_OSC                           00003FFD
__16F84A                          00000001
MPASM  5.50                     INDIRECTO.ASM   12-15-2021  10:53:38         PAGE  5


MEMORY USAGE MAP ('X' = Used,  '-' = Unused)


0000 : XXXXXXXXXXXXXXXX XXXXX----------- ---------------- ----------------

All other memory blocks unused.

Program Memory Words Used:    21
Program Memory Words Free:  1003


Errors   :     0
Warnings :    22 reported,     0 suppressed
Messages :     1 reported,     0 suppressed

