MPLINK 4.48, Linker
Linker Map File - Created Wed Dec 15 21:06:12 2021

                                 Section Info
                  Section       Type    Address   Location Size(Bytes)
                ---------  ---------  ---------  ---------  ---------
                   .org_0       code   0x000000    program   0x000000
                   .org_1       code   0x000000    program   0x0004ba
  .config_2007_SVEA_BCD.O       code   0x002007    program   0x000002



                              Program Memory Usage 
                               Start         End      
                           ---------   ---------      
                            0x000000    0x00025c      
                            0x002007    0x002007      
            606 out of 1094 program addresses used, program memory utilization is 55%



                              Symbols - Sorted by Name
                     Name    Address   Location    Storage File                     
                ---------  ---------  ---------  --------- ---------                
              LADR_0x0004   0x000004    program     static C:\Users\Edgar Alan\Documents\Circuitos Logicos II\Parcial 3\Suarez Vega BCD\SVEA_BCD.ASM
              LADR_0x0025   0x000025    program     static C:\Users\Edgar Alan\Documents\Circuitos Logicos II\Parcial 3\Suarez Vega BCD\SVEA_BCD.ASM
              LADR_0x0037   0x000037    program     static C:\Users\Edgar Alan\Documents\Circuitos Logicos II\Parcial 3\Suarez Vega BCD\SVEA_BCD.ASM
              LADR_0x0049   0x000049    program     static C:\Users\Edgar Alan\Documents\Circuitos Logicos II\Parcial 3\Suarez Vega BCD\SVEA_BCD.ASM
              LADR_0x005A   0x00005a    program     static C:\Users\Edgar Alan\Documents\Circuitos Logicos II\Parcial 3\Suarez Vega BCD\SVEA_BCD.ASM
              LADR_0x005B   0x00005b    program     static C:\Users\Edgar Alan\Documents\Circuitos Logicos II\Parcial 3\Suarez Vega BCD\SVEA_BCD.ASM
              LADR_0x0063   0x000063    program     static C:\Users\Edgar Alan\Documents\Circuitos Logicos II\Parcial 3\Suarez Vega BCD\SVEA_BCD.ASM
              LADR_0x0066   0x000066    program     static C:\Users\Edgar Alan\Documents\Circuitos Logicos II\Parcial 3\Suarez Vega BCD\SVEA_BCD.ASM
              LADR_0x006F   0x00006f    program     static C:\Users\Edgar Alan\Documents\Circuitos Logicos II\Parcial 3\Suarez Vega BCD\SVEA_BCD.ASM
              LADR_0x0070   0x000070    program     static C:\Users\Edgar Alan\Documents\Circuitos Logicos II\Parcial 3\Suarez Vega BCD\SVEA_BCD.ASM
              LADR_0x0095   0x000095    program     static C:\Users\Edgar Alan\Documents\Circuitos Logicos II\Parcial 3\Suarez Vega BCD\SVEA_BCD.ASM
              LADR_0x00A7   0x0000a7    program     static C:\Users\Edgar Alan\Documents\Circuitos Logicos II\Parcial 3\Suarez Vega BCD\SVEA_BCD.ASM
              LADR_0x00BB   0x0000bb    program     static C:\Users\Edgar Alan\Documents\Circuitos Logicos II\Parcial 3\Suarez Vega BCD\SVEA_BCD.ASM
              LADR_0x00CF   0x0000cf    program     static C:\Users\Edgar Alan\Documents\Circuitos Logicos II\Parcial 3\Suarez Vega BCD\SVEA_BCD.ASM
              LADR_0x00E3   0x0000e3    program     static C:\Users\Edgar Alan\Documents\Circuitos Logicos II\Parcial 3\Suarez Vega BCD\SVEA_BCD.ASM
              LADR_0x00F7   0x0000f7    program     static C:\Users\Edgar Alan\Documents\Circuitos Logicos II\Parcial 3\Suarez Vega BCD\SVEA_BCD.ASM
              LADR_0x010B   0x00010b    program     static C:\Users\Edgar Alan\Documents\Circuitos Logicos II\Parcial 3\Suarez Vega BCD\SVEA_BCD.ASM
              LADR_0x011F   0x00011f    program     static C:\Users\Edgar Alan\Documents\Circuitos Logicos II\Parcial 3\Suarez Vega BCD\SVEA_BCD.ASM
              LADR_0x0133   0x000133    program     static C:\Users\Edgar Alan\Documents\Circuitos Logicos II\Parcial 3\Suarez Vega BCD\SVEA_BCD.ASM
              LADR_0x0147   0x000147    program     static C:\Users\Edgar Alan\Documents\Circuitos Logicos II\Parcial 3\Suarez Vega BCD\SVEA_BCD.ASM
              LADR_0x015E   0x00015e    program     static C:\Users\Edgar Alan\Documents\Circuitos Logicos II\Parcial 3\Suarez Vega BCD\SVEA_BCD.ASM
              LADR_0x0170   0x000170    program     static C:\Users\Edgar Alan\Documents\Circuitos Logicos II\Parcial 3\Suarez Vega BCD\SVEA_BCD.ASM
              LADR_0x0184   0x000184    program     static C:\Users\Edgar Alan\Documents\Circuitos Logicos II\Parcial 3\Suarez Vega BCD\SVEA_BCD.ASM
              LADR_0x0198   0x000198    program     static C:\Users\Edgar Alan\Documents\Circuitos Logicos II\Parcial 3\Suarez Vega BCD\SVEA_BCD.ASM
              LADR_0x01AC   0x0001ac    program     static C:\Users\Edgar Alan\Documents\Circuitos Logicos II\Parcial 3\Suarez Vega BCD\SVEA_BCD.ASM
              LADR_0x01C0   0x0001c0    program     static C:\Users\Edgar Alan\Documents\Circuitos Logicos II\Parcial 3\Suarez Vega BCD\SVEA_BCD.ASM
              LADR_0x01D4   0x0001d4    program     static C:\Users\Edgar Alan\Documents\Circuitos Logicos II\Parcial 3\Suarez Vega BCD\SVEA_BCD.ASM
              LADR_0x01E8   0x0001e8    program     static C:\Users\Edgar Alan\Documents\Circuitos Logicos II\Parcial 3\Suarez Vega BCD\SVEA_BCD.ASM
              LADR_0x01FC   0x0001fc    program     static C:\Users\Edgar Alan\Documents\Circuitos Logicos II\Parcial 3\Suarez Vega BCD\SVEA_BCD.ASM
              LADR_0x0210   0x000210    program     static C:\Users\Edgar Alan\Documents\Circuitos Logicos II\Parcial 3\Suarez Vega BCD\SVEA_BCD.ASM
              LADR_0x0211   0x000211    program     static C:\Users\Edgar Alan\Documents\Circuitos Logicos II\Parcial 3\Suarez Vega BCD\SVEA_BCD.ASM
              LADR_0x021A   0x00021a    program     static C:\Users\Edgar Alan\Documents\Circuitos Logicos II\Parcial 3\Suarez Vega BCD\SVEA_BCD.ASM
              LADR_0x0220   0x000220    program     static C:\Users\Edgar Alan\Documents\Circuitos Logicos II\Parcial 3\Suarez Vega BCD\SVEA_BCD.ASM
              LADR_0x0227   0x000227    program     static C:\Users\Edgar Alan\Documents\Circuitos Logicos II\Parcial 3\Suarez Vega BCD\SVEA_BCD.ASM
              LADR_0x0230   0x000230    program     static C:\Users\Edgar Alan\Documents\Circuitos Logicos II\Parcial 3\Suarez Vega BCD\SVEA_BCD.ASM
              LADR_0x0231   0x000231    program     static C:\Users\Edgar Alan\Documents\Circuitos Logicos II\Parcial 3\Suarez Vega BCD\SVEA_BCD.ASM
              LADR_0x023B   0x00023b    program     static C:\Users\Edgar Alan\Documents\Circuitos Logicos II\Parcial 3\Suarez Vega BCD\SVEA_BCD.ASM
              LADR_0x0240   0x000240    program     static C:\Users\Edgar Alan\Documents\Circuitos Logicos II\Parcial 3\Suarez Vega BCD\SVEA_BCD.ASM
              LADR_0x0245   0x000245    program     static C:\Users\Edgar Alan\Documents\Circuitos Logicos II\Parcial 3\Suarez Vega BCD\SVEA_BCD.ASM
              LADR_0x0249   0x000249    program     static C:\Users\Edgar Alan\Documents\Circuitos Logicos II\Parcial 3\Suarez Vega BCD\SVEA_BCD.ASM
              LADR_0x0251   0x000251    program     static C:\Users\Edgar Alan\Documents\Circuitos Logicos II\Parcial 3\Suarez Vega BCD\SVEA_BCD.ASM
              LADR_0x025B   0x00025b    program     static C:\Users\Edgar Alan\Documents\Circuitos Logicos II\Parcial 3\Suarez Vega BCD\SVEA_BCD.ASM



                              Symbols - Sorted by Address
                     Name    Address   Location    Storage File                     
                ---------  ---------  ---------  --------- ---------                
              LADR_0x0004   0x000004    program     static C:\Users\Edgar Alan\Documents\Circuitos Logicos II\Parcial 3\Suarez Vega BCD\SVEA_BCD.ASM
              LADR_0x0025   0x000025    program     static C:\Users\Edgar Alan\Documents\Circuitos Logicos II\Parcial 3\Suarez Vega BCD\SVEA_BCD.ASM
              LADR_0x0037   0x000037    program     static C:\Users\Edgar Alan\Documents\Circuitos Logicos II\Parcial 3\Suarez Vega BCD\SVEA_BCD.ASM
              LADR_0x0049   0x000049    program     static C:\Users\Edgar Alan\Documents\Circuitos Logicos II\Parcial 3\Suarez Vega BCD\SVEA_BCD.ASM
              LADR_0x005A   0x00005a    program     static C:\Users\Edgar Alan\Documents\Circuitos Logicos II\Parcial 3\Suarez Vega BCD\SVEA_BCD.ASM
              LADR_0x005B   0x00005b    program     static C:\Users\Edgar Alan\Documents\Circuitos Logicos II\Parcial 3\Suarez Vega BCD\SVEA_BCD.ASM
              LADR_0x0063   0x000063    program     static C:\Users\Edgar Alan\Documents\Circuitos Logicos II\Parcial 3\Suarez Vega BCD\SVEA_BCD.ASM
              LADR_0x0066   0x000066    program     static C:\Users\Edgar Alan\Documents\Circuitos Logicos II\Parcial 3\Suarez Vega BCD\SVEA_BCD.ASM
              LADR_0x006F   0x00006f    program     static C:\Users\Edgar Alan\Documents\Circuitos Logicos II\Parcial 3\Suarez Vega BCD\SVEA_BCD.ASM
              LADR_0x0070   0x000070    program     static C:\Users\Edgar Alan\Documents\Circuitos Logicos II\Parcial 3\Suarez Vega BCD\SVEA_BCD.ASM
              LADR_0x0095   0x000095    program     static C:\Users\Edgar Alan\Documents\Circuitos Logicos II\Parcial 3\Suarez Vega BCD\SVEA_BCD.ASM
              LADR_0x00A7   0x0000a7    program     static C:\Users\Edgar Alan\Documents\Circuitos Logicos II\Parcial 3\Suarez Vega BCD\SVEA_BCD.ASM
              LADR_0x00BB   0x0000bb    program     static C:\Users\Edgar Alan\Documents\Circuitos Logicos II\Parcial 3\Suarez Vega BCD\SVEA_BCD.ASM
              LADR_0x00CF   0x0000cf    program     static C:\Users\Edgar Alan\Documents\Circuitos Logicos II\Parcial 3\Suarez Vega BCD\SVEA_BCD.ASM
              LADR_0x00E3   0x0000e3    program     static C:\Users\Edgar Alan\Documents\Circuitos Logicos II\Parcial 3\Suarez Vega BCD\SVEA_BCD.ASM
              LADR_0x00F7   0x0000f7    program     static C:\Users\Edgar Alan\Documents\Circuitos Logicos II\Parcial 3\Suarez Vega BCD\SVEA_BCD.ASM
              LADR_0x010B   0x00010b    program     static C:\Users\Edgar Alan\Documents\Circuitos Logicos II\Parcial 3\Suarez Vega BCD\SVEA_BCD.ASM
              LADR_0x011F   0x00011f    program     static C:\Users\Edgar Alan\Documents\Circuitos Logicos II\Parcial 3\Suarez Vega BCD\SVEA_BCD.ASM
              LADR_0x0133   0x000133    program     static C:\Users\Edgar Alan\Documents\Circuitos Logicos II\Parcial 3\Suarez Vega BCD\SVEA_BCD.ASM
              LADR_0x0147   0x000147    program     static C:\Users\Edgar Alan\Documents\Circuitos Logicos II\Parcial 3\Suarez Vega BCD\SVEA_BCD.ASM
              LADR_0x015E   0x00015e    program     static C:\Users\Edgar Alan\Documents\Circuitos Logicos II\Parcial 3\Suarez Vega BCD\SVEA_BCD.ASM
              LADR_0x0170   0x000170    program     static C:\Users\Edgar Alan\Documents\Circuitos Logicos II\Parcial 3\Suarez Vega BCD\SVEA_BCD.ASM
              LADR_0x0184   0x000184    program     static C:\Users\Edgar Alan\Documents\Circuitos Logicos II\Parcial 3\Suarez Vega BCD\SVEA_BCD.ASM
              LADR_0x0198   0x000198    program     static C:\Users\Edgar Alan\Documents\Circuitos Logicos II\Parcial 3\Suarez Vega BCD\SVEA_BCD.ASM
              LADR_0x01AC   0x0001ac    program     static C:\Users\Edgar Alan\Documents\Circuitos Logicos II\Parcial 3\Suarez Vega BCD\SVEA_BCD.ASM
              LADR_0x01C0   0x0001c0    program     static C:\Users\Edgar Alan\Documents\Circuitos Logicos II\Parcial 3\Suarez Vega BCD\SVEA_BCD.ASM
              LADR_0x01D4   0x0001d4    program     static C:\Users\Edgar Alan\Documents\Circuitos Logicos II\Parcial 3\Suarez Vega BCD\SVEA_BCD.ASM
              LADR_0x01E8   0x0001e8    program     static C:\Users\Edgar Alan\Documents\Circuitos Logicos II\Parcial 3\Suarez Vega BCD\SVEA_BCD.ASM
              LADR_0x01FC   0x0001fc    program     static C:\Users\Edgar Alan\Documents\Circuitos Logicos II\Parcial 3\Suarez Vega BCD\SVEA_BCD.ASM
              LADR_0x0210   0x000210    program     static C:\Users\Edgar Alan\Documents\Circuitos Logicos II\Parcial 3\Suarez Vega BCD\SVEA_BCD.ASM
              LADR_0x0211   0x000211    program     static C:\Users\Edgar Alan\Documents\Circuitos Logicos II\Parcial 3\Suarez Vega BCD\SVEA_BCD.ASM
              LADR_0x021A   0x00021a    program     static C:\Users\Edgar Alan\Documents\Circuitos Logicos II\Parcial 3\Suarez Vega BCD\SVEA_BCD.ASM
              LADR_0x0220   0x000220    program     static C:\Users\Edgar Alan\Documents\Circuitos Logicos II\Parcial 3\Suarez Vega BCD\SVEA_BCD.ASM
              LADR_0x0227   0x000227    program     static C:\Users\Edgar Alan\Documents\Circuitos Logicos II\Parcial 3\Suarez Vega BCD\SVEA_BCD.ASM
              LADR_0x0230   0x000230    program     static C:\Users\Edgar Alan\Documents\Circuitos Logicos II\Parcial 3\Suarez Vega BCD\SVEA_BCD.ASM
              LADR_0x0231   0x000231    program     static C:\Users\Edgar Alan\Documents\Circuitos Logicos II\Parcial 3\Suarez Vega BCD\SVEA_BCD.ASM
              LADR_0x023B   0x00023b    program     static C:\Users\Edgar Alan\Documents\Circuitos Logicos II\Parcial 3\Suarez Vega BCD\SVEA_BCD.ASM
              LADR_0x0240   0x000240    program     static C:\Users\Edgar Alan\Documents\Circuitos Logicos II\Parcial 3\Suarez Vega BCD\SVEA_BCD.ASM
              LADR_0x0245   0x000245    program     static C:\Users\Edgar Alan\Documents\Circuitos Logicos II\Parcial 3\Suarez Vega BCD\SVEA_BCD.ASM
              LADR_0x0249   0x000249    program     static C:\Users\Edgar Alan\Documents\Circuitos Logicos II\Parcial 3\Suarez Vega BCD\SVEA_BCD.ASM
              LADR_0x0251   0x000251    program     static C:\Users\Edgar Alan\Documents\Circuitos Logicos II\Parcial 3\Suarez Vega BCD\SVEA_BCD.ASM
              LADR_0x025B   0x00025b    program     static C:\Users\Edgar Alan\Documents\Circuitos Logicos II\Parcial 3\Suarez Vega BCD\SVEA_BCD.ASM


