EN contador_binario NULL "C:/Users/Edgar Alan/Documents/Circuitos Logicos II/Parcial 3/Clase 41/Contador_Binario/contador_binario.vhd" sub00/vhpl00 1637863098
AR contador_binario contar "C:/Users/Edgar Alan/Documents/Circuitos Logicos II/Parcial 3/Clase 41/Contador_Binario/contador_binario.vhd" sub00/vhpl01 1637863099
