MPASM  5.50              CICLO_250X200X10.ASM   12-14-2021  11:01:21         PAGE  1


LOC  OBJECT CODE     LINE SOURCE TEXT
  VALUE

                      00001 #INCLUDE "P16F84A.INC";ENCABEZADO DE LA 
                      00001         LIST
                      00002 
                      00003 ;==========================================================================
                      00004 ;  MPASM PIC16F84A processor include
                      00005 ; 
                      00006 ;  (c) Copyright 1999-2013 Microchip Technology, All rights reserved
                      00007 ;==========================================================================
                      00008 
                      00208         LIST
  0000000C            00002 REPETICIONES EQU 0XC
  0000000D            00003 TEMP EQU 0XD
  0000000E            00004 FACTOR EQU 0XE
  0000000F            00005 FACTORG EQU 0XF
                      00006 
Warning[203]: Found opcode in column 1. (BSF)
0000   1683           00007 BSF STATUS,RP0
Warning[203]: Found opcode in column 1. (CLRF)
Message[302]: Register in operand not in bank 0.  Ensure that bank bits are correct.
0001   0185           00008 CLRF TRISA
Warning[203]: Found opcode in column 1. (CLRF)
Message[302]: Register in operand not in bank 0.  Ensure that bank bits are correct.
0002   0186           00009 CLRF TRISB
Warning[203]: Found opcode in column 1. (BCF)
0003   1283           00010 BCF STATUS,RP0
                      00011 
                      00012 ;CUERPO DE RETRASO/*
0004                  00013 INICIO
Warning[203]: Found opcode in column 1. (INCF)
0004   0A85           00014 INCF PORTA,F
Warning[203]: Found opcode in column 1. (MOVLW)
0005   300A           00015 MOVLW D'10'
Warning[203]: Found opcode in column 1. (MOVWF)
0006   008F           00016 MOVWF FACTORG  ; VALOR DE CICLO GRUESO
0007                  00017 LOOPG          ; LOOPG GRUESO
Warning[203]: Found opcode in column 1. (MOVLW)
0007   30C8           00018 MOVLW D'200'
Warning[203]: Found opcode in column 1. (MOVWF)
0008   008E           00019 MOVWF FACTOR ; FACTOR X 200
0009                  00020 LOOPM        ; LOOP MEDIO
Warning[203]: Found opcode in column 1. (CALL)
0009   200F           00021 CALL CICLO250
Warning[203]: Found opcode in column 1. (DECFSZ)
000A   0B8E           00022 DECFSZ FACTOR,F
Warning[203]: Found opcode in column 1. (GOTO)
000B   2809           00023 GOTO LOOPM
Warning[203]: Found opcode in column 1. (DECFSZ)
Message[305]: Using default destination of 1 (file).
000C   0B8F           00024 DECFSZ FACTORG  ; SE AGREGA DECREMENTO DEL LOOP GRUESO
Warning[203]: Found opcode in column 1. (GOTO)
000D   2807           00025 GOTO LOOPG
Warning[203]: Found opcode in column 1. (GOTO)
000E   2804           00026 GOTO INICIO
MPASM  5.50              CICLO_250X200X10.ASM   12-14-2021  11:01:21         PAGE  2


LOC  OBJECT CODE     LINE SOURCE TEXT
  VALUE

                      00027 
                      00028 ;PRIMER CICLO DE 250 MICROSEGUNDOS
000F                  00029 CICLO250
Warning[203]: Found opcode in column 1. (MOVLW)
000F   3051           00030 MOVLW D'81'
Warning[203]: Found opcode in column 1. (MOVWF)
0010   008D           00031 MOVWF TEMP;1
0011                  00032 LOOP
Warning[203]: Found opcode in column 1. (DECFSZ)
0011   0B8D           00033 DECFSZ TEMP,F;1
Warning[203]: Found opcode in column 1. (GOTO)
0012   2811           00034 GOTO LOOP;2
Warning[203]: Found opcode in column 1. (RETURN)
0013   0008           00035 RETURN
                      00036 ;2+ 3N=250  DA (250-2)/3=82
                      00037 
Warning[205]: Found directive in column 1. (END)
                      00038 END
MPASM  5.50              CICLO_250X200X10.ASM   12-14-2021  11:01:21         PAGE  3


SYMBOL TABLE
  LABEL                             VALUE 

C                                 00000000
CICLO250                          0000000F
DC                                00000001
EEADR                             00000009
EECON1                            00000088
EECON2                            00000089
EEDATA                            00000008
EEIE                              00000006
EEIF                              00000004
F                                 00000001
FACTOR                            0000000E
FACTORG                           0000000F
FSR                               00000004
GIE                               00000007
INDF                              00000000
INICIO                            00000004
INTCON                            0000000B
INTE                              00000004
INTEDG                            00000006
INTF                              00000001
IRP                               00000007
LOOP                              00000011
LOOPG                             00000007
LOOPM                             00000009
NOT_PD                            00000003
NOT_RBPU                          00000007
NOT_TO                            00000004
OPTION_REG                        00000081
PCL                               00000002
PCLATH                            0000000A
PORTA                             00000005
PORTB                             00000006
PS0                               00000000
PS1                               00000001
PS2                               00000002
PSA                               00000003
RA0                               00000000
RA1                               00000001
RA2                               00000002
RA3                               00000003
RA4                               00000004
RB0                               00000000
RB1                               00000001
RB2                               00000002
RB3                               00000003
RB4                               00000004
RB5                               00000005
RB6                               00000006
RB7                               00000007
RBIE                              00000003
RBIF                              00000000
RD                                00000000
REPETICIONES                      0000000C
MPASM  5.50              CICLO_250X200X10.ASM   12-14-2021  11:01:21         PAGE  4


SYMBOL TABLE
  LABEL                             VALUE 

RP0                               00000005
RP1                               00000006
STATUS                            00000003
T0CS                              00000005
T0IE                              00000005
T0IF                              00000002
T0SE                              00000004
TEMP                              0000000D
TMR0                              00000001
TMR0IE                            00000005
TMR0IF                            00000002
TRISA                             00000085
TRISA0                            00000000
TRISA1                            00000001
TRISA2                            00000002
TRISA3                            00000003
TRISA4                            00000004
TRISB                             00000086
TRISB0                            00000000
TRISB1                            00000001
TRISB2                            00000002
TRISB3                            00000003
TRISB4                            00000004
TRISB5                            00000005
TRISB6                            00000006
TRISB7                            00000007
W                                 00000000
WR                                00000001
WREN                              00000002
WRERR                             00000003
Z                                 00000002
_CONFIG                           00002007
_CP_OFF                           00003FFF
_CP_ON                            0000000F
_DEVID1                           00002006
_FOSC_EXTRC                       00003FFF
_FOSC_HS                          00003FFE
_FOSC_LP                          00003FFC
_FOSC_XT                          00003FFD
_HS_OSC                           00003FFE
_IDLOC0                           00002000
_IDLOC1                           00002001
_IDLOC2                           00002002
_IDLOC3                           00002003
_LP_OSC                           00003FFC
_PWRTE_OFF                        00003FFF
_PWRTE_ON                         00003FF7
_RC_OSC                           00003FFF
_WDTE_OFF                         00003FFB
_WDTE_ON                          00003FFF
_WDT_OFF                          00003FFB
_WDT_ON                           00003FFF
_XT_OSC                           00003FFD
MPASM  5.50              CICLO_250X200X10.ASM   12-14-2021  11:01:21         PAGE  5


SYMBOL TABLE
  LABEL                             VALUE 

__16F84A                          00000001


MEMORY USAGE MAP ('X' = Used,  '-' = Unused)

0000 : XXXXXXXXXXXXXXXX XXXX------------ ---------------- ----------------

All other memory blocks unused.

Program Memory Words Used:    20
Program Memory Words Free:  1004


Errors   :     0
Warnings :    21 reported,     0 suppressed
Messages :     3 reported,     0 suppressed

