MPLINK 4.48, Linker
Linker Map File - Created Tue Dec 14 11:01:22 2021

                                 Section Info
                  Section       Type    Address   Location Size(Bytes)
                ---------  ---------  ---------  ---------  ---------
                   .org_0       code   0x000000    program   0x000028



                              Program Memory Usage 
                               Start         End      
                           ---------   ---------      
                            0x000000    0x000013      
            20 out of 1094 program addresses used, program memory utilization is 1%



                              Symbols - Sorted by Name
                     Name    Address   Location    Storage File                     
                ---------  ---------  ---------  --------- ---------                
                 CICLO250   0x00000f    program     static C:\Users\Edgar Alan\Documents\Circuitos Logicos II\Parcial 3\Clase 47\CICLO_250x200x10.ASM
                   INICIO   0x000004    program     static C:\Users\Edgar Alan\Documents\Circuitos Logicos II\Parcial 3\Clase 47\CICLO_250x200x10.ASM
                     LOOP   0x000011    program     static C:\Users\Edgar Alan\Documents\Circuitos Logicos II\Parcial 3\Clase 47\CICLO_250x200x10.ASM
                    LOOPG   0x000007    program     static C:\Users\Edgar Alan\Documents\Circuitos Logicos II\Parcial 3\Clase 47\CICLO_250x200x10.ASM
                    LOOPM   0x000009    program     static C:\Users\Edgar Alan\Documents\Circuitos Logicos II\Parcial 3\Clase 47\CICLO_250x200x10.ASM



                              Symbols - Sorted by Address
                     Name    Address   Location    Storage File                     
                ---------  ---------  ---------  --------- ---------                
                   INICIO   0x000004    program     static C:\Users\Edgar Alan\Documents\Circuitos Logicos II\Parcial 3\Clase 47\CICLO_250x200x10.ASM
                    LOOPG   0x000007    program     static C:\Users\Edgar Alan\Documents\Circuitos Logicos II\Parcial 3\Clase 47\CICLO_250x200x10.ASM
                    LOOPM   0x000009    program     static C:\Users\Edgar Alan\Documents\Circuitos Logicos II\Parcial 3\Clase 47\CICLO_250x200x10.ASM
                 CICLO250   0x00000f    program     static C:\Users\Edgar Alan\Documents\Circuitos Logicos II\Parcial 3\Clase 47\CICLO_250x200x10.ASM
                     LOOP   0x000011    program     static C:\Users\Edgar Alan\Documents\Circuitos Logicos II\Parcial 3\Clase 47\CICLO_250x200x10.ASM


