EN primos_pares NULL "C:/Users/Edgar Alan/Documents/Circuitos Logicos II/Parcial 3/Clase 37/Primos_Pares/PRIMOS_PARES.vhd" sub00/vhpl00 1637082410
AR primos_pares behavioral "C:/Users/Edgar Alan/Documents/Circuitos Logicos II/Parcial 3/Clase 37/Primos_Pares/PRIMOS_PARES.vhd" sub00/vhpl01 1637082411
