V3 3
FL "C:/Users/Edgar Alan/Documents/Circuitos Logicos II/Parcial 3/Clase 37/Primos_Pares/PRIMOS_PARES.vhd" 2021/11/16.10:54:08 P.20131013
EN work/PRIMOS_PARES 1637082410 \
      FL "C:/Users/Edgar Alan/Documents/Circuitos Logicos II/Parcial 3/Clase 37/Primos_Pares/PRIMOS_PARES.vhd" \
      PB ieee/std_logic_1164 1381692176
AR work/PRIMOS_PARES/Behavioral 1637082411 \
      FL "C:/Users/Edgar Alan/Documents/Circuitos Logicos II/Parcial 3/Clase 37/Primos_Pares/PRIMOS_PARES.vhd" \
      EN work/PRIMOS_PARES 1637082410
