MPLINK 4.48, Linker
Linker Map File - Created Sat Dec 11 02:45:36 2021

                                 Section Info
                  Section       Type    Address   Location Size(Bytes)
                ---------  ---------  ---------  ---------  ---------
                   .org_0       code   0x000000    program   0x000024



                              Program Memory Usage 
                               Start         End      
                           ---------   ---------      
                            0x000000    0x000011      
            18 out of 1094 program addresses used, program memory utilization is 1%



                              Symbols - Sorted by Name
                     Name    Address   Location    Storage File                     
                ---------  ---------  ---------  --------- ---------                
                    CICLO   0x00000a    program     static C:\Users\Edgar Alan\Documents\Circuitos Logicos II\Parcial 3\Suarez Vega 11200\11200hz.ASM
                     LOOP   0x00000f    program     static C:\Users\Edgar Alan\Documents\Circuitos Logicos II\Parcial 3\Suarez Vega 11200\11200hz.ASM
                  RETRASO   0x00000d    program     static C:\Users\Edgar Alan\Documents\Circuitos Logicos II\Parcial 3\Suarez Vega 11200\11200hz.ASM



                              Symbols - Sorted by Address
                     Name    Address   Location    Storage File                     
                ---------  ---------  ---------  --------- ---------                
                    CICLO   0x00000a    program     static C:\Users\Edgar Alan\Documents\Circuitos Logicos II\Parcial 3\Suarez Vega 11200\11200hz.ASM
                  RETRASO   0x00000d    program     static C:\Users\Edgar Alan\Documents\Circuitos Logicos II\Parcial 3\Suarez Vega 11200\11200hz.ASM
                     LOOP   0x00000f    program     static C:\Users\Edgar Alan\Documents\Circuitos Logicos II\Parcial 3\Suarez Vega 11200\11200hz.ASM


